(base) danluxu@DanludeMacBook-Air GitHub_Collaboration_Practice % touch project-1.txt
(base) danluxu@DanludeMacBook-Air GitHub_Collaboration_Practice % open project-1.txt
(base) danluxu@DanludeMacBook-Air GitHub_Collaboration_Practice % git branch alexhuang
(base) danluxu@DanludeMacBook-Air GitHub_Collaboration_Practice % git status
On branch alex-huang
Untracked files:
  (use "git add <file>..." to include in what will be committed)
	project-1.txt

nothing added to commit but untracked files present (use "git add" to track)
(base) danluxu@DanludeMacBook-Air GitHub_Collaboration_Practice % git add project-1.txt
(base) danluxu@DanludeMacBook-Air GitHub_Collaboration_Practice % git commit -m"add project 1 code"
[alex-huang ccb7758] add project 1 code
 1 file changed, 0 insertions(+), 0 deletions(-)
 create mode 100644 project-1.txt
(base) danluxu@DanludeMacBook-Air GitHub_Collaboration_Practice % git push
fatal: The current branch alex-huang has no upstream branch.
To push the current branch and set the remote as upstream, use

    git push --set-upstream origin alex-huang

(base) danluxu@DanludeMacBook-Air GitHub_Collaboration_Practice % git push origin alex-huang
Enumerating objects: 3, done.
Counting objects: 100% (3/3), done.
Delta compression using up to 8 threads
Compressing objects: 100% (2/2), done.
Writing objects: 100% (2/2), 253 bytes | 253.00 KiB/s, done.
Total 2 (delta 1), reused 0 (delta 0)
remote: Resolving deltas: 100% (1/1), completed with 1 local object.
remote: 
remote: Create a pull request for 'alex-huang' on GitHub by visiting:
remote:      https://github.com/flavia-leite/GitHub_Collaboration_Practice/pull/new/alex-huang
remote: 
To https://github.com/flavia-leite/GitHub_Collaboration_Practice.git
 * [new branch]      alex-huang -> alex-huang
(base) danluxu@DanludeMacBook-Air GitHub_Collaboration_Practice % open project-1.txt
(base) danluxu@DanludeMacBook-Air GitHub_Collaboration_Practice % 
